(2024-08-01 15:45:27) <test> [Warn]: hello world
